
> ai-studio-applet@0.1.0 build
> next build

   Γû▓ Next.js 15.5.12
   - Environments: .env.local

   Creating an optimized production build ...
 Γ£ô Compiled successfully in 5.3s
   Skipping linting
   Checking validity of types ...
node.exe : Failed to 
compile.
At line:1 char:1
+ & "C:\Program 
Files\nodejs/node.exe" 
"C:\Program 
Files\nodejs/node_mo ...
+ ~~~~~~~~~~~~~~~~~~~~~~~~~
~~~~~~~~~~~~~~~~~~~~~~~~~~~
~~~~~~~~~~~~~~~~~
    + CategoryInfo         
     : NotSpecified: (Fai  
  led to compile.:String   
 ) [], RemoteException
    + FullyQualifiedErrorI 
   d : NativeCommandError
 

./app/[category]/ProductLis
t.tsx:95:35
Type error: No overload 
matches this call.
  Overload 1 of 2, 
'(predicate: (value: { 
spec: string; unit: 
string; priceSell: number; 
_id_variant: string; _id: 
string; name: string; 
specs: ProductSpec[]; 
images?: CloudinaryImage[] 
| undefined; categoryId?: 
string | undefined; }, 
index: number, array: { 
...; }[]) => value is { 
...; }, thisArg?: any): { 
...; }[]', gave the 
following error.
    Argument of type 
'(item: FlattenedProduct) 
=> boolean' is not 
assignable to parameter of 
type '(value: { spec: 
string; unit: string; 
priceSell: number; 
_id_variant: string; _id: 
string; name: string; 
specs: ProductSpec[]; 
images?: CloudinaryImage[] 
| undefined; categoryId?: 
string | undefined; }, 
index: number, array: { 
...; }[]) => value is { 
...; }'.
      Types of parameters 
'item' and 'value' are 
incompatible.
        Property 
'basePrice' is missing in 
type '{ spec: string; 
unit: string; priceSell: 
number; _id_variant: 
string; _id: string; name: 
string; specs: 
ProductSpec[]; images?: 
CloudinaryImage[]; 
categoryId?: string; }' 
but required in type 
'FlattenedProduct'.
  Overload 2 of 2, 
'(predicate: (value: { 
spec: string; unit: 
string; priceSell: number; 
_id_variant: string; _id: 
string; name: string; 
specs: ProductSpec[]; 
images?: CloudinaryImage[] 
| undefined; categoryId?: 
string | undefined; }, 
index: number, array: { 
...; }[]) => unknown, 
thisArg?: any): { ...; 
}[]', gave the following 
error.
    Argument of type 
'(item: FlattenedProduct) 
=> boolean' is not 
assignable to parameter of 
type '(value: { spec: 
string; unit: string; 
priceSell: number; 
_id_variant: string; _id: 
string; name: string; 
specs: ProductSpec[]; 
images?: CloudinaryImage[] 
| undefined; categoryId?: 
string | undefined; }, 
index: number, array: { 
...; }[]) => unknown'.
      Types of parameters 
'item' and 'value' are 
incompatible.
        Property 
'basePrice' is missing in 
type '{ spec: string; 
unit: string; priceSell: 
number; _id_variant: 
string; _id: string; name: 
string; specs: 
ProductSpec[]; images?: 
CloudinaryImage[]; 
categoryId?: string; }' 
but required in type 
'FlattenedProduct'.

[0m [90m 93 |[39m     
[36mif[39m 
([33m![39mfilterField 
[33m||[39m selectedField 
[33m===[39m [32m'Tß║Ñt 
cß║ú'[39m) 
[36mreturn[39m 
flattenedData[33m;[39m
 [90m 94 |[39m     
[36mif[39m (filterField 
[33m===[39m 
[32m'spec'[39m 
[36mas[39m any) {
[31m[1m>[22m[39m[90m 
95 |[39m       
[36mreturn[39m flattenedD
ata[33m.[39mfilter((item
[33m:[39m [33mFlattenedPr
oduct[39m) [33m=>[39m 
item[33m.[39mspec 
[33m===[39m 
selectedField)[33m;[39m
 [90m    |[39m           
                        
[31m[1m^[22m[39m
 [90m 96 |[39m     }
 [90m 97 |[39m     
[36mreturn[39m flattenedD
ata[33m.[39mfilter((item
[33m:[39m [33mFlattenedPr
oduct[39m) [33m=>[39m 
(item [36mas[39m 
any)[filterField] 
[33m===[39m 
selectedField)[33m;[39m
 [90m 98 |[39m   
}[33m,[39m 
[flattenedData[33m,[39m 
selectedField[33m,[39m fi
lterField])[33m;[39m[0m
Next.js build worker 
exited with code: 1 and 
signal: null
