app/[category]/ProductList.tsx(95,35): error TS2769: No overload matches this call.
  Overload 1 of 2, '(predicate: (value: { spec: string; unit: string; priceSell: number; _id_variant: string; _id: string; name: string; specs: ProductSpec[]; images?: CloudinaryImage[] | undefined; categoryId?: string | undefined; }, index: number, array: { ...; }[]) => value is { ...; }, thisArg?: any): { ...; }[]', gave the following error.
    Argument of type '(item: FlattenedProduct) => boolean' is not assignable to parameter of type '(value: { spec: string; unit: string; priceSell: number; _id_variant: string; _id: string; name: string; specs: ProductSpec[]; images?: CloudinaryImage[] | undefined; categoryId?: string | undefined; }, index: number, array: { ...; }[]) => value is { ...; }'.
      Types of parameters 'item' and 'value' are incompatible.
        Property 'basePrice' is missing in type '{ spec: string; unit: string; priceSell: number; _id_variant: string; _id: string; name: string; specs: ProductSpec[]; images?: CloudinaryImage[]; categoryId?: string; }' but required in type 'FlattenedProduct'.
  Overload 2 of 2, '(predicate: (value: { spec: string; unit: string; priceSell: number; _id_variant: string; _id: string; name: string; specs: ProductSpec[]; images?: CloudinaryImage[] | undefined; categoryId?: string | undefined; }, index: number, array: { ...; }[]) => unknown, thisArg?: any): { ...; }[]', gave the following error.
    Argument of type '(item: FlattenedProduct) => boolean' is not assignable to parameter of type '(value: { spec: string; unit: string; priceSell: number; _id_variant: string; _id: string; name: string; specs: ProductSpec[]; images?: CloudinaryImage[] | undefined; categoryId?: string | undefined; }, index: number, array: { ...; }[]) => unknown'.
      Types of parameters 'item' and 'value' are incompatible.
        Property 'basePrice' is missing in type '{ spec: string; unit: string; priceSell: number; _id_variant: string; _id: string; name: string; specs: ProductSpec[]; images?: CloudinaryImage[]; categoryId?: string; }' but required in type 'FlattenedProduct'.
app/[category]/ProductList.tsx(97,33): error TS2769: No overload matches this call.
  Overload 1 of 2, '(predicate: (value: { spec: string; unit: string; priceSell: number; _id_variant: string; _id: string; name: string; specs: ProductSpec[]; images?: CloudinaryImage[] | undefined; categoryId?: string | undefined; }, index: number, array: { ...; }[]) => value is { ...; }, thisArg?: any): { ...; }[]', gave the following error.
    Argument of type '(item: FlattenedProduct) => boolean' is not assignable to parameter of type '(value: { spec: string; unit: string; priceSell: number; _id_variant: string; _id: string; name: string; specs: ProductSpec[]; images?: CloudinaryImage[] | undefined; categoryId?: string | undefined; }, index: number, array: { ...; }[]) => value is { ...; }'.
      Types of parameters 'item' and 'value' are incompatible.
        Property 'basePrice' is missing in type '{ spec: string; unit: string; priceSell: number; _id_variant: string; _id: string; name: string; specs: ProductSpec[]; images?: CloudinaryImage[]; categoryId?: string; }' but required in type 'FlattenedProduct'.
  Overload 2 of 2, '(predicate: (value: { spec: string; unit: string; priceSell: number; _id_variant: string; _id: string; name: string; specs: ProductSpec[]; images?: CloudinaryImage[] | undefined; categoryId?: string | undefined; }, index: number, array: { ...; }[]) => unknown, thisArg?: any): { ...; }[]', gave the following error.
    Argument of type '(item: FlattenedProduct) => boolean' is not assignable to parameter of type '(value: { spec: string; unit: string; priceSell: number; _id_variant: string; _id: string; name: string; specs: ProductSpec[]; images?: CloudinaryImage[] | undefined; categoryId?: string | undefined; }, index: number, array: { ...; }[]) => unknown'.
      Types of parameters 'item' and 'value' are incompatible.
        Property 'basePrice' is missing in type '{ spec: string; unit: string; priceSell: number; _id_variant: string; _id: string; name: string; specs: ProductSpec[]; images?: CloudinaryImage[]; categoryId?: string; }' but required in type 'FlattenedProduct'.
app/[category]/ProductList.tsx(104,44): error TS2345: Argument of type '(p: FlattenedProduct) => boolean' is not assignable to parameter of type '(value: { spec: string; unit: string; priceSell: number; _id_variant: string; _id: string; name: string; specs: ProductSpec[]; images?: CloudinaryImage[] | undefined; categoryId?: string | undefined; }, index: number, obj: { ...; }[]) => unknown'.
  Types of parameters 'p' and 'value' are incompatible.
    Property 'basePrice' is missing in type '{ spec: string; unit: string; priceSell: number; _id_variant: string; _id: string; name: string; specs: ProductSpec[]; images?: CloudinaryImage[]; categoryId?: string; }' but required in type 'FlattenedProduct'.
app/[category]/ProductList.tsx(204,34): error TS2345: Argument of type '(item: FlattenedProduct, index: number) => Element' is not assignable to parameter of type '(value: { spec: string; unit: string; priceSell: number; _id_variant: string; _id: string; name: string; specs: ProductSpec[]; images?: CloudinaryImage[] | undefined; categoryId?: string | undefined; }, index: number, array: { ...; }[]) => Element'.
  Types of parameters 'item' and 'value' are incompatible.
    Property 'basePrice' is missing in type '{ spec: string; unit: string; priceSell: number; _id_variant: string; _id: string; name: string; specs: ProductSpec[]; images?: CloudinaryImage[]; categoryId?: string; }' but required in type 'FlattenedProduct'.
app/api/products/[id]/route.ts(98,40): error TS2339: Property 'basePrice' does not exist on type 'IProductUpdateInput'.
app/api/products/route.ts(82,7): error TS2353: Object literal may only specify known properties, and 'basePrice' does not exist in type 'IProductCreateInput'.
